// Bun Snapshot v1, https://goo.gl/fbAQLP

exports[`SampleEmailTemplate should match the expected snapshot 1`] = `
{
  "html": "<!DOCTYPE html PUBLIC "-//W3C//DTD XHTML 1.0 Transitional//EN" "http://www.w3.org/TR/xhtml1/DTD/xhtml1-transitional.dtd"><html dir="ltr" lang="en"><head><meta content="text/html; charset=UTF-8" http-equiv="Content-Type"/><meta name="x-apple-disable-message-reformatting"/></head><body><!--$--><table align="center" width="100%" border="0" cellPadding="0" cellSpacing="0" role="presentation" style="max-width:37.5em"><tbody><tr style="width:100%"><td><p style="font-size:14px;line-height:24px;margin-bottom:16px;margin-top:16px">Hi <!-- -->Snapshot Tester<!-- -->,</p><p style="font-size:14px;line-height:24px;margin-bottom:16px;margin-top:16px">Click the link below to get started:</p><a href="https://example.com/snapshot" style="color:#067df7;text-decoration-line:none" target="_blank">Activate your account</a></td></tr></tbody></table><!--7--><!--/$--></body></html>",
  "subject": "Welcome, Snapshot Tester!",
  "text": 
"Hi Snapshot Tester,

Click the link below to get started:

https://example.com/snapshot

Thanks,
Your App Team"
,
}
`;

exports[`SampleEmailTemplate should render correctly 1`] = `
{
  "html": "<!DOCTYPE html PUBLIC "-//W3C//DTD XHTML 1.0 Transitional//EN" "http://www.w3.org/TR/xhtml1/DTD/xhtml1-transitional.dtd"><html dir="ltr" lang="en"><head><meta content="text/html; charset=UTF-8" http-equiv="Content-Type"/><meta name="x-apple-disable-message-reformatting"/></head><body><!--$--><table align="center" width="100%" border="0" cellPadding="0" cellSpacing="0" role="presentation" style="max-width:37.5em"><tbody><tr style="width:100%"><td><p style="font-size:14px;line-height:24px;margin-bottom:16px;margin-top:16px">Hi <!-- -->Test User<!-- -->,</p><p style="font-size:14px;line-height:24px;margin-bottom:16px;margin-top:16px">Click the link below to get started:</p><a href="https://example.com" style="color:#067df7;text-decoration-line:none" target="_blank">Activate your account</a></td></tr></tbody></table><!--7--><!--/$--></body></html>",
  "subject": "Welcome, Test User!",
  "text": 
"Hi Test User,

Click the link below to get started:

https://example.com

Thanks,
Your App Team"
,
}
`;
